[backblue.gif]
[fade.gif]
[index.html]
[techsolit.com/assets/img/techsol-fav.webp]
[cdnjs.cloudflare.com/ajax/libs/font-awesome/4.7.0/css/font-awesome.min.css]
[cdnjs.cloudflare.com/ajax/libs/slick-carousel/1.8.1/slick-theme.min.css]
[cdnjs.cloudflare.com/ajax/libs/slick-carousel/1.8.1/slick.min.css]
[cdnjs.cloudflare.com/ajax/libs/fancybox/3.5.7/jquery.fancybox.css]
[unpkg.com/aos@2.3.1/dist/aos.css]
[techsolit.com/assets/img/logo-techsol.webp]
[techsolit.com/assets/img/icons/web.png]
[techsolit.com/assets/img/icons/logo.png]
[techsolit.com/assets/img/icons/ecom.png]
[techsolit.com/assets/img/icons/seo.png]
[techsolit.com/assets/img/icons/smm.png]
[techsolit.com/assets/img/icons/video.png]
[techsolit.com/assets/img/desktop.webp]
[techsolit.com/assets/img/about-img03.webp]
[techsolit.com/assets/img/about-img01.webp]
[techsolit.com/assets/img/portfolio/logo/10.webp]
[techsolit.com/assets/img/portfolio/logo/09.webp]
[techsolit.com/assets/img/portfolio/logo/08.webp]
[techsolit.com/assets/img/portfolio/logo/02.webp]
[techsolit.com/assets/img/portfolio/website/thumb-1.jpg]
[techsolit.com/assets/img/portfolio/website/thumb-2.jpg]
[techsolit.com/assets/img/portfolio/website/thumb-3.jpg]
[techsolit.com/assets/img/portfolio/website/thumb-4.jpg]
[techsolit.com/assets/img/portfolio/website/thumb-5.jpg]
[techsolit.com/assets/img/portfolio/website/thumb-6.jpg]
[techsolit.com/assets/img/portfolio/website/thumb-7.jpg]
[techsolit.com/assets/img/portfolio/ecommerce/1.jpg]
[techsolit.com/assets/img/portfolio/ecommerce/2.jpg]
[techsolit.com/assets/img/portfolio/ecommerce/3.jpg]
[techsolit.com/assets/img/portfolio/ecommerce/4.jpg]
[techsolit.com/assets/img/portfolio/ecommerce/5.jpg]
[techsolit.com/assets/img/portfolio/ecommerce/6.jpg]
[techsolit.com/assets/img/portfolio/ecommerce/7.jpg]
[techsolit.com/assets/img/portfolio/ecommerce/8.jpg]
[techsolit.com/assets/img/portfolio/video-animation/1.jpg]
[techsolit.com/assets/img/portfolio/video-animation/2.jpg]
[techsolit.com/assets/img/portfolio/video-animation/3.jpg]
[techsolit.com/assets/img/portfolio/video-animation/4.jpg]
[techsolit.com/assets/img/portfolio/video-animation/5.jpg]
[techsolit.com/assets/img/portfolio/video-animation/6.jpg]
[techsolit.com/assets/img/portfolio/video-animation/7.jpg]
[techsolit.com/assets/img/portfolio/video-animation/8.jpg]
[techsolit.com/assets/img/portfolio/illustration/1.jpg]
[techsolit.com/assets/img/portfolio/illustration/2.jpg]
[techsolit.com/assets/img/portfolio/illustration/3.jpg]
[techsolit.com/assets/img/portfolio/illustration/4.jpg]
[techsolit.com/assets/img/portfolio/illustration/5.jpg]
[techsolit.com/assets/img/portfolio/illustration/6.jpg]
[techsolit.com/assets/img/portfolio/illustration/7.jpg]
[techsolit.com/assets/img/portfolio/illustration/8.jpg]
[techsolit.com/assets/img/portfolio/branding/1.jpg]
[techsolit.com/assets/img/portfolio/branding/2.jpg]
[techsolit.com/assets/img/portfolio/branding/3.jpg]
[techsolit.com/assets/img/portfolio/branding/4.jpg]
[techsolit.com/assets/img/portfolio/branding/5.jpg]
[techsolit.com/assets/img/portfolio/branding/6.jpg]
[techsolit.com/assets/img/portfolio/branding/7.jpg]
[techsolit.com/assets/img/technical-suppo.webp]
[techsolit.com/assets/img/analyzing.webp]
[techsolit.com/assets/img/camera-dolly.webp]
[techsolit.com/assets/img/men-img.webp]
[techsolit.com/assets/img/img01.webp]
[techsolit.com/assets/img/img02.webp]
[techsolit.com/assets/img/img03.webp]
[techsolit.com/assets/img/img04.webp]
[ajax.googleapis.com/ajax/libs/jquery/3.6.0/jquery.min.js]
[cdnjs.cloudflare.com/ajax/libs/slick-carousel/1.8.1/slick.min.js]
[cdnjs.cloudflare.com/ajax/libs/fancybox/3.5.7/jquery.fancybox.min.js]
[cdnjs.cloudflare.com/ajax/libs/parallax/3.1.0/parallax.min.js]
[techsolit.com/assets/js/bootstrap.bundle.min.js]
[techsolit.com/assets/js/main.js]
[techsolit.com/index.html]
[techsolit.com/assets/css/bootstrap.min.css]
[cdnjs.cloudflare.com/ajax/libs/font-awesome/4.7.0/css/font-awesome.min.css]
[cdnjs.cloudflare.com/ajax/libs/slick-carousel/1.8.1/ajax-loader.gif]
[cdnjs.cloudflare.com/ajax/libs/slick-carousel/1.8.1/fonts/slick.eot]
[cdnjs.cloudflare.com/ajax/libs/slick-carousel/1.8.1/fonts/slickd41d.eot]
[cdnjs.cloudflare.com/ajax/libs/slick-carousel/1.8.1/fonts/slick.woff]
[cdnjs.cloudflare.com/ajax/libs/slick-carousel/1.8.1/fonts/slick.ttf]
[cdnjs.cloudflare.com/ajax/libs/slick-carousel/1.8.1/slick-theme.min.css]
[cdnjs.cloudflare.com/ajax/libs/slick-carousel/1.8.1/fonts/slick.svg]
[cdnjs.cloudflare.com/ajax/libs/slick-carousel/1.8.1/slick.min.css]
[cdnjs.cloudflare.com/ajax/libs/fancybox/3.5.7/jquery.fancybox.css]
[unpkg.com/aos@2.3.1/dist/aos.css]
[techsolit.com/assets/fonts/PhotographSignature.ttf]
[techsolit.com/assets/img/Path 4.webp]
[techsolit.com/assets/img/Path 3336.webp]
[techsolit.com/assets/img/Path 5.webp]
[techsolit.com/assets/img/Path 3341.webp]
[techsolit.com/assets/css/main.css]
[techsolit.com/assets/img/about-back.webp]
[techsolit.com/about.html]
[techsolit.com/dissertation.html]
[techsolit.com/essay.html]
[techsolit.com/assignment.html]
[techsolit.com/thesis.html]
[techsolit.com/e-book.html]
[techsolit.com/packages.html]
[techsolit.com/portfolio.html]
[techsolit.com/testimonials.html]
[techsolit.com/contact-us.html]
[techsolit.com/assets/img/icons/design01.jpg]
[techsolit.com/assets/img/icons/design02.jpg]
[techsolit.com/assets/img/icons/design03.jpg]
[techsolit.com/assets/img/icons/design04.jpg]
[techsolit.com/assets/img/icons/design05.jpg]
[techsolit.com/assets/img/icons/design06.jpg]
[www.logoinfinix.com/assets/images/video-package-vector.png]
[techsolit.com/services/web-design.html]
[techsolit.com/services/logo-design.html]
[techsolit.com/services/ecommerce.html]
[techsolit.com/services/seo.html]
[techsolit.com/services/smm.html]
[techsolit.com/services/animation.html]
[techsolit.com/about-2.html]
[techsolit.com/project.html]
[techsolit.com/package.html]
[cdnjs.cloudflare.com/ajax/libs/slick-carousel/1.8.1/fonts/slick.svg]
[techsolit.com/assets/img/Path 8 (1.html]
[techsolit.com/assets/images/our-pricing-bg.html]
[techsolit.com/services/dissertation.html]
[techsolit.com/services/essay.html]
[techsolit.com/services/assignment.html]
[techsolit.com/services/thesis.html]
